./scripts/wallet-get-money.sh: line 11: wallet.sh: command not found
2026-09-06T19:05:35.555Z host-impl.node.ts INFO using sqlite3 DB backend
2026-09-06T19:05:35.594Z host-impl.node.ts INFO using database /home/ia/feria-unq/scripts/ia-wallet.db
2026-09-06T19:05:35.601Z host-impl.node.ts INFO using node thread crypto worker
2026-09-06T19:05:36.105Z query.ts ERROR Transaction failed: {
  "code": 7027,
  "when": {
    "t_ms": 1788721536105
  },
  "hint": "Error (WALLET_PEER_PUSH_PAYMENT_INSUFFICIENT_BALANCE)",
  "insufficientBalanceDetails": {
    "amountRequested": "NUMIS:10",
    "causeHint": "wallet-balance-available-insufficient",
    "balance": {
      "material": "NUMIS:0",
      "pendingRefresh": "NUMIS:0",
      "available": "NUMIS:0"
    },
    "maximumPayableAmount": "NUMIS:0",
    "reasons": [
      {
        "type": "available-balance-insufficient",
        "amountAvailable": "NUMIS:0"
      }
    ],
    "exchanges": {},
    "balanceAgeAcceptable": "NUMIS:0",
    "balanceAvailable": "NUMIS:0",
    "balanceMaterial": "NUMIS:0",
    "balanceReceiverAcceptable": "NUMIS:0",
    "balanceReceiverExchangeUrlAcceptable": "NUMIS:0",
    "balanceReceiverExchangePubAcceptable": "NUMIS:0",
    "balanceReceiverAuditorUrlAcceptable": "NUMIS:0",
    "balanceExchangeDepositable": "NUMIS:0",
    "balanceReceiverDepositable": "NUMIS:0",
    "maxEffectiveSpendAmount": "NUMIS:0",
    "perExchange": {}
  }
}
2026-09-06T19:05:36.105Z query.ts ERROR Error: Failed transaction was started here.
    at runTx (/home/ia/feria-unq/scripts/install-prefix/lib/taler-wallet-cli/node_modules/taler-wallet-cli/dist/taler-wallet-cli-bundled.cjs:39850:17)
    at DbAccessImpl.runAllStoresReadWriteTx (/home/ia/feria-unq/scripts/install-prefix/lib/taler-wallet-cli/node_modules/taler-wallet-cli/dist/taler-wallet-cli-bundled.cjs:40142:18)
    at IdbWalletDbHandle.runReadWriteTx (/home/ia/feria-unq/scripts/install-prefix/lib/taler-wallet-cli/node_modules/taler-wallet-cli/dist/taler-wallet-cli-bundled.cjs:43209:25)
    at process.processTicksAndRejections (node:internal/process/task_queues:104:5)
    at async DbOperationGate.runShared (/home/ia/feria-unq/scripts/install-prefix/lib/taler-wallet-cli/node_modules/taler-wallet-cli/dist/taler-wallet-cli-bundled.cjs:73611:14)
    at async /home/ia/feria-unq/scripts/install-prefix/lib/taler-wallet-cli/node_modules/taler-wallet-cli/dist/taler-wallet-cli-bundled.cjs:73907:19
    at async handleTxRetries (/home/ia/feria-unq/scripts/install-prefix/lib/taler-wallet-cli/node_modules/taler-wallet-cli/dist/taler-wallet-cli-bundled.cjs:73863:14)
    at async runWalletDbTx (/home/ia/feria-unq/scripts/install-prefix/lib/taler-wallet-cli/node_modules/taler-wallet-cli/dist/taler-wallet-cli-bundled.cjs:73896:10)
    at async Object.runWalletDbTx (/home/ia/feria-unq/scripts/install-prefix/lib/taler-wallet-cli/node_modules/taler-wallet-cli/dist/taler-wallet-cli-bundled.cjs:73936:14)
    at async Object.initiatePeerPushDebit [as handler] (/home/ia/feria-unq/scripts/install-prefix/lib/taler-wallet-cli/node_modules/taler-wallet-cli/dist/taler-wallet-cli-bundled.cjs:54491:3)
2026-09-06T19:05:36.106Z query.ts ERROR Transaction aborted (exception thrown): TalerError: {"code":7027,"when":{"t_ms":1788721536105},"hint":"Error (WALLET_PEER_PUSH_PAYMENT_INSUFFICIENT_BALANCE)","insufficientBalanceDetails":{"amountRequested":"NUMIS:10","causeHint":"wallet-balance-available-insufficient","balance":{"material":"NUMIS:0","pendingRefresh":"NUMIS:0","available":"NUMIS:0"},"maximumPayableAmount":"NUMIS:0","reasons":[{"type":"available-balance-insufficient","amountAvailable":"NUMIS:0"}],"exchanges":{},"balanceAgeAcceptable":"NUMIS:0","balanceAvailable":"NUMIS:0","balanceMaterial":"NUMIS:0","balanceReceiverAcceptable":"NUMIS:0","balanceReceiverExchangeUrlAcceptable":"NUMIS:0","balanceReceiverExchangePubAcceptable":"NUMIS:0","balanceReceiverAuditorUrlAcceptable":"NUMIS:0","balanceExchangeDepositable":"NUMIS:0","balanceReceiverDepositable":"NUMIS:0","maxEffectiveSpendAmount":"NUMIS:0","perExchange":{}}}
2026-09-06T19:05:36.106Z query.ts ERROR Error: Failed transaction was started here.
    at runTx (/home/ia/feria-unq/scripts/install-prefix/lib/taler-wallet-cli/node_modules/taler-wallet-cli/dist/taler-wallet-cli-bundled.cjs:39850:17)
    at DbAccessImpl.runAllStoresReadWriteTx (/home/ia/feria-unq/scripts/install-prefix/lib/taler-wallet-cli/node_modules/taler-wallet-cli/dist/taler-wallet-cli-bundled.cjs:40142:18)
    at IdbWalletDbHandle.runReadWriteTx (/home/ia/feria-unq/scripts/install-prefix/lib/taler-wallet-cli/node_modules/taler-wallet-cli/dist/taler-wallet-cli-bundled.cjs:43209:25)
    at process.processTicksAndRejections (node:internal/process/task_queues:104:5)
    at async DbOperationGate.runShared (/home/ia/feria-unq/scripts/install-prefix/lib/taler-wallet-cli/node_modules/taler-wallet-cli/dist/taler-wallet-cli-bundled.cjs:73611:14)
    at async /home/ia/feria-unq/scripts/install-prefix/lib/taler-wallet-cli/node_modules/taler-wallet-cli/dist/taler-wallet-cli-bundled.cjs:73907:19
    at async handleTxRetries (/home/ia/feria-unq/scripts/install-prefix/lib/taler-wallet-cli/node_modules/taler-wallet-cli/dist/taler-wallet-cli-bundled.cjs:73863:14)
    at async runWalletDbTx (/home/ia/feria-unq/scripts/install-prefix/lib/taler-wallet-cli/node_modules/taler-wallet-cli/dist/taler-wallet-cli-bundled.cjs:73896:10)
    at async Object.runWalletDbTx (/home/ia/feria-unq/scripts/install-prefix/lib/taler-wallet-cli/node_modules/taler-wallet-cli/dist/taler-wallet-cli-bundled.cjs:73936:14)
    at async Object.initiatePeerPushDebit [as handler] (/home/ia/feria-unq/scripts/install-prefix/lib/taler-wallet-cli/node_modules/taler-wallet-cli/dist/taler-wallet-cli-bundled.cjs:54491:3)
2026-09-06T19:05:36.106Z wallet.ts INFO finished wallet core request initiatePeerPushDebit with error: {
  "code": 7027,
  "when": {
    "t_ms": 1788721536105
  },
  "hint": "Error (WALLET_PEER_PUSH_PAYMENT_INSUFFICIENT_BALANCE)",
  "insufficientBalanceDetails": {
    "amountRequested": "NUMIS:10",
    "causeHint": "wallet-balance-available-insufficient",
    "balance": {
      "material": "NUMIS:0",
      "pendingRefresh": "NUMIS:0",
      "available": "NUMIS:0"
    },
    "maximumPayableAmount": "NUMIS:0",
    "reasons": [
      {
        "type": "available-balance-insufficient",
        "amountAvailable": "NUMIS:0"
      }
    ],
    "exchanges": {},
    "balanceAgeAcceptable": "NUMIS:0",
    "balanceAvailable": "NUMIS:0",
    "balanceMaterial": "NUMIS:0",
    "balanceReceiverAcceptable": "NUMIS:0",
    "balanceReceiverExchangeUrlAcceptable": "NUMIS:0",
    "balanceReceiverExchangePubAcceptable": "NUMIS:0",
    "balanceReceiverAuditorUrlAcceptable": "NUMIS:0",
    "balanceExchangeDepositable": "NUMIS:0",
    "balanceReceiverDepositable": "NUMIS:0",
    "maxEffectiveSpendAmount": "NUMIS:0",
    "perExchange": {}
  }
}
An error occurred while running peer-send
_TalerError: Error (WALLET_PEER_PUSH_PAYMENT_INSUFFICIENT_BALANCE)
    at _TalerError.fromUncheckedDetail (/home/ia/feria-unq/scripts/install-prefix/lib/taler-wallet-cli/node_modules/taler-wallet-cli/dist/taler-wallet-cli-bundled.cjs:10931:12)
    at Object.call (/home/ia/feria-unq/scripts/install-prefix/lib/taler-wallet-cli/node_modules/taler-wallet-cli/dist/taler-wallet-cli-bundled.cjs:73796:28)
    at async /home/ia/feria-unq/scripts/install-prefix/lib/taler-wallet-cli/node_modules/taler-wallet-cli/dist/taler-wallet-cli-bundled.cjs:77858:18
    at async withWallet (/home/ia/feria-unq/scripts/install-prefix/lib/taler-wallet-cli/node_modules/taler-wallet-cli/dist/taler-wallet-cli-bundled.cjs:76836:20)
    at async CommandGroup.myAction (/home/ia/feria-unq/scripts/install-prefix/lib/taler-wallet-cli/node_modules/taler-wallet-cli/dist/taler-wallet-cli-bundled.cjs:77857:3) {
  errorDetail: {
    code: 7027,
    when: { t_ms: 1788721536105, Symbol(opaque_AbsoluteTime): true },
    hint: 'Error (WALLET_PEER_PUSH_PAYMENT_INSUFFICIENT_BALANCE)',
    insufficientBalanceDetails: {
      amountRequested: 'NUMIS:10',
      wireMethod: undefined,
      causeHint: 'wallet-balance-available-insufficient',
      balance: [Object],
      maximumPayableAmount: 'NUMIS:0',
      reasons: [Array],
      exchanges: {},
      balanceAgeAcceptable: 'NUMIS:0',
      balanceAvailable: 'NUMIS:0',
      balanceMaterial: 'NUMIS:0',
      balanceReceiverAcceptable: 'NUMIS:0',
      balanceReceiverExchangeUrlAcceptable: 'NUMIS:0',
      balanceReceiverExchangePubAcceptable: 'NUMIS:0',
      balanceReceiverAuditorUrlAcceptable: 'NUMIS:0',
      balanceExchangeDepositable: 'NUMIS:0',
      balanceReceiverDepositable: 'NUMIS:0',
      maxEffectiveSpendAmount: 'NUMIS:0',
      perExchange: {}
    }
  },
  cause: undefined
}
